    Checking ats-scorer v0.1.0 (/home/pencelheimer/projects/getjob-ai/ats-scorer)
src/db/queries.rs:10:18: error: set `DATABASE_URL` to use query macros online, or run `cargo sqlx prepare` to update the query cache
src/db/queries.rs:30:18: error: set `DATABASE_URL` to use query macros online, or run `cargo sqlx prepare` to update the query cache
src/db/queries.rs:50:18: error: set `DATABASE_URL` to use query macros online, or run `cargo sqlx prepare` to update the query cache
src/db/writer.rs:11:18: error: set `DATABASE_URL` to use query macros online, or run `cargo sqlx prepare` to update the query cache
src/vector_store/qdrant.rs:3:33: warning: unused imports: `ScoredPoint`, `SearchPoints`, and `point_id::PointIdOptions`
src/queue/consumer.rs:22:13: error[E0308]: mismatched types: expected `ShortString`, found `&str`
src/queue/consumer.rs:32:10: error[E0308]: arguments to this method are incorrect
src/queue/publisher.rs:17:10: error[E0308]: arguments to this method are incorrect
src/vector_store/qdrant.rs:57:29: error[E0308]: mismatched types: expected `VectorsOptions`, found a different `VectorsOptions`
src/vector_store/qdrant.rs:58:21: warning: use of deprecated field `qdrant_client::qdrant::Vector::data`
src/vector_store/qdrant.rs:67:18: error[E0308]: mismatched types: expected `&String`, found `&str`
src/vector_store/qdrant.rs:67:40: error[E0308]: mismatched types: expected `&String`, found `&str`
src/vector_store/qdrant.rs:71:18: error[E0308]: mismatched types: expected `&String`, found `&str`
src/vector_store/qdrant.rs:71:42: error[E0308]: mismatched types: expected `&String`, found `&str`
src/vector_store/qdrant.rs:72:18: error[E0308]: mismatched types: expected `&String`, found `&str`
src/vector_store/qdrant.rs:73:18: error[E0308]: mismatched types: expected `&String`, found `&str`
src/vector_store/qdrant.rs:74:18: error[E0308]: mismatched types: expected `&String`, found `&str`
src/main.rs:95:40: error[E0639]: cannot create non-exhaustive struct using struct expression
src/main.rs:95:40: error[E0308]: mismatched types: expected `InitOptionsWithLength<RerankerModel>`, found `InitOptionsWithLength<EmbeddingModel>`
src/main.rs:160:40: error[E0639]: cannot create non-exhaustive struct using struct expression
src/main.rs:160:40: error[E0308]: mismatched types: expected `InitOptionsWithLength<RerankerModel>`, found `InitOptionsWithLength<EmbeddingModel>`
src/main.rs:49:41: error[E0639]: cannot create non-exhaustive struct using struct expression
src/main.rs:50:29: error[E0308]: mismatched types: expected `EmbeddingModel`, found `RerankerModel`
src/main.rs:49:41: error[E0308]: mismatched types: expected `InitOptionsWithLength<RerankerModel>`, found `InitOptionsWithLength<EmbeddingModel>`
src/main.rs:96:21: error[E0308]: mismatched types: expected `EmbeddingModel`, found `RerankerModel`
src/main.rs:161:21: error[E0308]: mismatched types: expected `EmbeddingModel`, found `RerankerModel`
warning: `ats-scorer` (bin "ats-scorer") generated 2 warnings
error: could not compile `ats-scorer` (bin "ats-scorer") due to 24 previous errors; 2 warnings emitted
